<html>
<body>
<pre>
<h1>µVision Build Log</h1>
<h2>Project:</h2>
C:\Users\Abdul Rasheed\Documents\Keil_Workspace\ADC with push button\adc_push_button.uvproj
Project File Date:  08/09/2016

<h2>Output:</h2>
Rebuild target 'Target 1'
assembling startup_stm32f40_41xxx.s...
compiling main.c...
compiling gpio.c...
compiling system_stm32f4xx.c...
linking...
Program Size: Code=944 RO-data=424 RW-data=20 ZI-data=1636  
FromELF: creating hex file...
".\adc_push_button.axf" - 0 Error(s), 0 Warning(s).
Load "C:\\Users\\Abdul Rasheed\\Documents\\Keil_Workspace\\ADC with push button\\adc_push_button.axf" 
Erase Done.
Programming Done.
Verify OK.
</pre>
</body>
</html>
heed\\Documents\\Keil_Workspace\\ADC with push button\\adc_push_button.axf" 
Erase Done.
Programming Done.
Verify OK.
t line of file ends without a newline
  #endif
gpio.c(9): warning:  #1-D: last line of file ends without a newline
  }
gpio.c: 4 warnings, 0 errors
linking...
.\adc_push_button.axf: Error: L6218E: Undefined symbol SystemInit (referred from startup_stm32f40_41xxx.o).
Not enough information to list image symbols.
Finished: 1 information, 0 warning and 1 error messages.
".\adc_push_button.axf" - 1 Error(s), 8 Warning(s).
Target not created
(s), 8 Warning(s).
Target not created
